natural                  D1_native_pinned_float32           bs=   1 mean=8.556e-06 std=2.099e-04 FAIL
natural                  D1_native_pinned_float32           bs=   8 mean=1.288e-06 std=4.164e-06 PASS
natural                  D1_native_pinned_float32           bs=  32 mean=5.316e-07 std=5.269e-06 PASS
natural                  D1_native_pinned_float32           bs= 128 mean=3.308e-07 std=3.093e-06 PASS
natural                  D2_pinned_float64_input            bs=   1 mean=6.439e-15 std=6.173e-14 PASS
natural                  D2_pinned_float64_input            bs=   8 mean=2.442e-15 std=3.339e-14 PASS
natural                  D2_pinned_float64_input            bs=  32 mean=1.110e-15 std=1.926e-14 PASS
natural                  D2_pinned_float64_input            bs= 128 mean=8.882e-16 std=1.765e-14 PASS
natural                  D3_float64_accumulator             bs=   1 mean=6.439e-15 std=1.514e-08 PASS
natural                  D3_float64_accumulator             bs=   8 mean=2.442e-15 std=1.514e-08 PASS
natural                  D3_float64_accumulator             bs=  32 mean=1.110e-15 std=1.514e-08 PASS
natural                  D3_float64_accumulator             bs= 128 mean=8.882e-16 std=1.514e-08 PASS
natural                  D4_stable_variance_float32         bs=   1 mean=8.556e-06 std=2.054e-06 PASS
natural                  D4_stable_variance_float32         bs=   8 mean=1.288e-06 std=1.077e-06 PASS
natural                  D4_stable_variance_float32         bs=  32 mean=5.316e-07 std=2.357e-07 PASS
natural                  D4_stable_variance_float32         bs= 128 mean=3.308e-07 std=6.833e-08 PASS
natural                  D5_float64_accum_stable_variance   bs=   1 mean=6.439e-15 std=1.665e-14 PASS
natural                  D5_float64_accum_stable_variance   bs=   8 mean=2.442e-15 std=1.632e-14 PASS
natural                  D5_float64_accum_stable_variance   bs=  32 mean=1.110e-15 std=1.699e-14 PASS
natural                  D5_float64_accum_stable_variance   bs= 128 mean=8.882e-16 std=1.726e-14 PASS
episode_cluster_seed_0   D1_native_pinned_float32           bs=   1 mean=1.147e-05 std=1.995e-04 FAIL
episode_cluster_seed_0   D1_native_pinned_float32           bs=   8 mean=3.938e-06 std=4.910e-05 FAIL
episode_cluster_seed_0   D1_native_pinned_float32           bs=  32 mean=1.197e-06 std=1.267e-05 FAIL
episode_cluster_seed_0   D1_native_pinned_float32           bs= 128 mean=5.046e-07 std=3.533e-06 PASS
episode_cluster_seed_0   D2_pinned_float64_input            bs=   1 mean=5.440e-15 std=6.410e-14 PASS
episode_cluster_seed_0   D2_pinned_float64_input            bs=   8 mean=1.998e-15 std=1.760e-14 PASS
episode_cluster_seed_0   D2_pinned_float64_input            bs=  32 mean=1.332e-15 std=1.671e-14 PASS
episode_cluster_seed_0   D2_pinned_float64_input            bs= 128 mean=1.110e-15 std=1.704e-14 PASS
episode_cluster_seed_0   D3_float64_accumulator             bs=   1 mean=5.440e-15 std=1.514e-08 PASS
episode_cluster_seed_0   D3_float64_accumulator             bs=   8 mean=1.998e-15 std=1.514e-08 PASS
episode_cluster_seed_0   D3_float64_accumulator             bs=  32 mean=1.332e-15 std=1.514e-08 PASS
episode_cluster_seed_0   D3_float64_accumulator             bs= 128 mean=1.110e-15 std=1.514e-08 PASS
episode_cluster_seed_0   D4_stable_variance_float32         bs=   1 mean=1.147e-05 std=1.908e-06 FAIL
episode_cluster_seed_0   D4_stable_variance_float32         bs=   8 mean=3.938e-06 std=8.615e-07 PASS
episode_cluster_seed_0   D4_stable_variance_float32         bs=  32 mean=1.197e-06 std=2.282e-07 PASS
episode_cluster_seed_0   D4_stable_variance_float32         bs= 128 mean=5.046e-07 std=7.918e-08 PASS
episode_cluster_seed_0   D5_float64_accum_stable_variance   bs=   1 mean=5.440e-15 std=1.682e-14 PASS
episode_cluster_seed_0   D5_float64_accum_stable_variance   bs=   8 mean=1.998e-15 std=1.699e-14 PASS
episode_cluster_seed_0   D5_float64_accum_stable_variance   bs=  32 mean=1.332e-15 std=1.732e-14 PASS
episode_cluster_seed_0   D5_float64_accum_stable_variance   bs= 128 mean=1.110e-15 std=1.721e-14 PASS
episode_cluster_seed_1   D1_native_pinned_float32           bs=   1 mean=1.362e-05 std=4.692e-05 FAIL
episode_cluster_seed_1   D1_native_pinned_float32           bs=   8 mean=2.508e-06 std=2.572e-05 FAIL
episode_cluster_seed_1   D1_native_pinned_float32           bs=  32 mean=1.435e-06 std=1.213e-05 FAIL
episode_cluster_seed_1   D1_native_pinned_float32           bs= 128 mean=2.765e-07 std=1.802e-06 PASS
episode_cluster_seed_1   D2_pinned_float64_input            bs=   1 mean=4.885e-15 std=5.261e-14 PASS
episode_cluster_seed_1   D2_pinned_float64_input            bs=   8 mean=4.108e-15 std=1.954e-14 PASS
episode_cluster_seed_1   D2_pinned_float64_input            bs=  32 mean=1.332e-15 std=1.871e-14 PASS
episode_cluster_seed_1   D2_pinned_float64_input            bs= 128 mean=1.332e-15 std=1.804e-14 PASS
episode_cluster_seed_1   D3_float64_accumulator             bs=   1 mean=4.885e-15 std=1.514e-08 PASS
episode_cluster_seed_1   D3_float64_accumulator             bs=   8 mean=4.108e-15 std=1.514e-08 PASS
episode_cluster_seed_1   D3_float64_accumulator             bs=  32 mean=1.332e-15 std=1.514e-08 PASS
episode_cluster_seed_1   D3_float64_accumulator             bs= 128 mean=1.332e-15 std=1.514e-08 PASS
episode_cluster_seed_1   D4_stable_variance_float32         bs=   1 mean=1.362e-05 std=4.689e-06 FAIL
episode_cluster_seed_1   D4_stable_variance_float32         bs=   8 mean=2.508e-06 std=7.298e-07 PASS
episode_cluster_seed_1   D4_stable_variance_float32         bs=  32 mean=1.435e-06 std=2.817e-07 PASS
episode_cluster_seed_1   D4_stable_variance_float32         bs= 128 mean=2.765e-07 std=7.305e-08 PASS
episode_cluster_seed_1   D5_float64_accum_stable_variance   bs=   1 mean=4.885e-15 std=1.693e-14 PASS
episode_cluster_seed_1   D5_float64_accum_stable_variance   bs=   8 mean=4.108e-15 std=1.676e-14 PASS
episode_cluster_seed_1   D5_float64_accum_stable_variance   bs=  32 mean=1.332e-15 std=1.732e-14 PASS
episode_cluster_seed_1   D5_float64_accum_stable_variance   bs= 128 mean=1.332e-15 std=1.710e-14 PASS
episode_cluster_seed_2   D1_native_pinned_float32           bs=   1 mean=9.813e-06 std=6.884e-05 FAIL
episode_cluster_seed_2   D1_native_pinned_float32           bs=   8 mean=1.018e-06 std=1.451e-05 FAIL
episode_cluster_seed_2   D1_native_pinned_float32           bs=  32 mean=6.913e-07 std=6.689e-06 PASS
episode_cluster_seed_2   D1_native_pinned_float32           bs= 128 mean=6.885e-07 std=5.266e-06 PASS
episode_cluster_seed_2   D2_pinned_float64_input            bs=   1 mean=1.066e-14 std=1.365e-13 PASS
episode_cluster_seed_2   D2_pinned_float64_input            bs=   8 mean=4.885e-15 std=6.180e-14 PASS
episode_cluster_seed_2   D2_pinned_float64_input            bs=  32 mean=1.776e-15 std=1.993e-14 PASS
episode_cluster_seed_2   D2_pinned_float64_input            bs= 128 mean=4.441e-16 std=1.826e-14 PASS
episode_cluster_seed_2   D3_float64_accumulator             bs=   1 mean=1.066e-14 std=1.514e-08 PASS
episode_cluster_seed_2   D3_float64_accumulator             bs=   8 mean=4.885e-15 std=1.514e-08 PASS
episode_cluster_seed_2   D3_float64_accumulator             bs=  32 mean=1.776e-15 std=1.514e-08 PASS
episode_cluster_seed_2   D3_float64_accumulator             bs= 128 mean=4.441e-16 std=1.514e-08 PASS
episode_cluster_seed_2   D4_stable_variance_float32         bs=   1 mean=9.813e-06 std=2.543e-06 PASS
episode_cluster_seed_2   D4_stable_variance_float32         bs=   8 mean=1.018e-06 std=8.981e-07 PASS
episode_cluster_seed_2   D4_stable_variance_float32         bs=  32 mean=6.913e-07 std=2.424e-07 PASS
episode_cluster_seed_2   D4_stable_variance_float32         bs= 128 mean=6.885e-07 std=9.863e-08 PASS
episode_cluster_seed_2   D5_float64_accum_stable_variance   bs=   1 mean=1.066e-14 std=1.732e-14 PASS
episode_cluster_seed_2   D5_float64_accum_stable_variance   bs=   8 mean=4.885e-15 std=1.749e-14 PASS
episode_cluster_seed_2   D5_float64_accum_stable_variance   bs=  32 mean=1.776e-15 std=1.688e-14 PASS
episode_cluster_seed_2   D5_float64_accum_stable_variance   bs= 128 mean=4.441e-16 std=1.704e-14 PASS
episode_cluster_seed_3   D1_native_pinned_float32           bs=   1 mean=1.362e-05 std=1.508e-04 FAIL
episode_cluster_seed_3   D1_native_pinned_float32           bs=   8 mean=1.934e-06 std=2.221e-05 FAIL
episode_cluster_seed_3   D1_native_pinned_float32           bs=  32 mean=1.404e-06 std=1.461e-05 FAIL
episode_cluster_seed_3   D1_native_pinned_float32           bs= 128 mean=8.077e-07 std=6.913e-06 PASS
episode_cluster_seed_3   D2_pinned_float64_input            bs=   1 mean=1.177e-14 std=1.491e-13 PASS
episode_cluster_seed_3   D2_pinned_float64_input            bs=   8 mean=1.776e-15 std=3.007e-14 PASS
episode_cluster_seed_3   D2_pinned_float64_input            bs=  32 mean=1.554e-15 std=1.826e-14 PASS
episode_cluster_seed_3   D2_pinned_float64_input            bs= 128 mean=8.882e-16 std=1.782e-14 PASS
episode_cluster_seed_3   D3_float64_accumulator             bs=   1 mean=1.177e-14 std=1.514e-08 PASS
episode_cluster_seed_3   D3_float64_accumulator             bs=   8 mean=1.776e-15 std=1.514e-08 PASS
episode_cluster_seed_3   D3_float64_accumulator             bs=  32 mean=1.554e-15 std=1.514e-08 PASS
episode_cluster_seed_3   D3_float64_accumulator             bs= 128 mean=8.882e-16 std=1.514e-08 PASS
episode_cluster_seed_3   D4_stable_variance_float32         bs=   1 mean=1.362e-05 std=2.165e-06 FAIL
episode_cluster_seed_3   D4_stable_variance_float32         bs=   8 mean=1.934e-06 std=8.251e-07 PASS
episode_cluster_seed_3   D4_stable_variance_float32         bs=  32 mean=1.404e-06 std=2.331e-07 PASS
episode_cluster_seed_3   D4_stable_variance_float32         bs= 128 mean=8.077e-07 std=1.029e-07 PASS
episode_cluster_seed_3   D5_float64_accum_stable_variance   bs=   1 mean=1.177e-14 std=1.771e-14 PASS
episode_cluster_seed_3   D5_float64_accum_stable_variance   bs=   8 mean=1.776e-15 std=1.682e-14 PASS
episode_cluster_seed_3   D5_float64_accum_stable_variance   bs=  32 mean=1.554e-15 std=1.726e-14 PASS
episode_cluster_seed_3   D5_float64_accum_stable_variance   bs= 128 mean=8.882e-16 std=1.732e-14 PASS
episode_cluster_seed_4   D1_native_pinned_float32           bs=   1 mean=1.299e-05 std=1.687e-04 FAIL
episode_cluster_seed_4   D1_native_pinned_float32           bs=   8 mean=2.238e-06 std=2.120e-05 FAIL
episode_cluster_seed_4   D1_native_pinned_float32           bs=  32 mean=1.577e-06 std=1.947e-05 FAIL
episode_cluster_seed_4   D1_native_pinned_float32           bs= 128 mean=5.036e-07 std=4.628e-06 PASS
episode_cluster_seed_4   D2_pinned_float64_input            bs=   1 mean=1.110e-14 std=1.317e-13 PASS
episode_cluster_seed_4   D2_pinned_float64_input            bs=   8 mean=3.220e-15 std=2.628e-14 PASS
episode_cluster_seed_4   D2_pinned_float64_input            bs=  32 mean=1.110e-15 std=1.843e-14 PASS
episode_cluster_seed_4   D2_pinned_float64_input            bs= 128 mean=8.882e-16 std=1.793e-14 PASS
episode_cluster_seed_4   D3_float64_accumulator             bs=   1 mean=1.110e-14 std=1.514e-08 PASS
episode_cluster_seed_4   D3_float64_accumulator             bs=   8 mean=3.220e-15 std=1.514e-08 PASS
episode_cluster_seed_4   D3_float64_accumulator             bs=  32 mean=1.110e-15 std=1.514e-08 PASS
episode_cluster_seed_4   D3_float64_accumulator             bs= 128 mean=8.882e-16 std=1.514e-08 PASS
episode_cluster_seed_4   D4_stable_variance_float32         bs=   1 mean=1.299e-05 std=3.582e-06 FAIL
episode_cluster_seed_4   D4_stable_variance_float32         bs=   8 mean=2.238e-06 std=8.102e-07 PASS
episode_cluster_seed_4   D4_stable_variance_float32         bs=  32 mean=1.577e-06 std=2.465e-07 PASS
episode_cluster_seed_4   D4_stable_variance_float32         bs= 128 mean=5.036e-07 std=1.022e-07 PASS
episode_cluster_seed_4   D5_float64_accum_stable_variance   bs=   1 mean=1.110e-14 std=1.649e-14 PASS
episode_cluster_seed_4   D5_float64_accum_stable_variance   bs=   8 mean=3.220e-15 std=1.682e-14 PASS
episode_cluster_seed_4   D5_float64_accum_stable_variance   bs=  32 mean=1.110e-15 std=1.749e-14 PASS
episode_cluster_seed_4   D5_float64_accum_stable_variance   bs= 128 mean=8.882e-16 std=1.715e-14 PASS
episode_cluster_seed_5   D1_native_pinned_float32           bs=   1 mean=2.804e-05 std=3.235e-04 FAIL
episode_cluster_seed_5   D1_native_pinned_float32           bs=   8 mean=1.761e-06 std=2.230e-05 FAIL
episode_cluster_seed_5   D1_native_pinned_float32           bs=  32 mean=5.915e-07 std=9.076e-06 PASS
episode_cluster_seed_5   D1_native_pinned_float32           bs= 128 mean=3.844e-07 std=2.982e-06 PASS
episode_cluster_seed_5   D2_pinned_float64_input            bs=   1 mean=1.221e-14 std=1.191e-13 PASS
episode_cluster_seed_5   D2_pinned_float64_input            bs=   8 mean=2.220e-15 std=2.122e-14 PASS
episode_cluster_seed_5   D2_pinned_float64_input            bs=  32 mean=8.882e-16 std=1.732e-14 PASS
episode_cluster_seed_5   D2_pinned_float64_input            bs= 128 mean=7.772e-16 std=1.826e-14 PASS
episode_cluster_seed_5   D3_float64_accumulator             bs=   1 mean=1.221e-14 std=1.514e-08 PASS
episode_cluster_seed_5   D3_float64_accumulator             bs=   8 mean=2.220e-15 std=1.514e-08 PASS
episode_cluster_seed_5   D3_float64_accumulator             bs=  32 mean=8.882e-16 std=1.514e-08 PASS
episode_cluster_seed_5   D3_float64_accumulator             bs= 128 mean=7.772e-16 std=1.514e-08 PASS
episode_cluster_seed_5   D4_stable_variance_float32         bs=   1 mean=2.804e-05 std=1.826e-06 FAIL
episode_cluster_seed_5   D4_stable_variance_float32         bs=   8 mean=1.761e-06 std=8.764e-07 PASS
episode_cluster_seed_5   D4_stable_variance_float32         bs=  32 mean=5.915e-07 std=2.331e-07 PASS
episode_cluster_seed_5   D4_stable_variance_float32         bs= 128 mean=3.844e-07 std=1.273e-07 PASS
episode_cluster_seed_5   D5_float64_accum_stable_variance   bs=   1 mean=1.221e-14 std=1.821e-14 PASS
episode_cluster_seed_5   D5_float64_accum_stable_variance   bs=   8 mean=2.220e-15 std=1.688e-14 PASS
episode_cluster_seed_5   D5_float64_accum_stable_variance   bs=  32 mean=8.882e-16 std=1.682e-14 PASS
episode_cluster_seed_5   D5_float64_accum_stable_variance   bs= 128 mean=7.772e-16 std=1.721e-14 PASS
episode_cluster_seed_6   D1_native_pinned_float32           bs=   1 mean=1.583e-05 std=1.565e-04 FAIL
episode_cluster_seed_6   D1_native_pinned_float32           bs=   8 mean=1.526e-06 std=9.620e-06 PASS
episode_cluster_seed_6   D1_native_pinned_float32           bs=  32 mean=6.918e-07 std=3.061e-06 PASS
episode_cluster_seed_6   D1_native_pinned_float32           bs= 128 mean=5.036e-07 std=4.077e-06 PASS
episode_cluster_seed_6   D2_pinned_float64_input            bs=   1 mean=8.438e-15 std=8.711e-14 PASS
episode_cluster_seed_6   D2_pinned_float64_input            bs=   8 mean=2.776e-15 std=1.810e-14 PASS
episode_cluster_seed_6   D2_pinned_float64_input            bs=  32 mean=1.332e-15 std=2.635e-14 PASS
episode_cluster_seed_6   D2_pinned_float64_input            bs= 128 mean=5.551e-16 std=1.826e-14 PASS
episode_cluster_seed_6   D3_float64_accumulator             bs=   1 mean=8.438e-15 std=1.514e-08 PASS
episode_cluster_seed_6   D3_float64_accumulator             bs=   8 mean=2.776e-15 std=1.514e-08 PASS
episode_cluster_seed_6   D3_float64_accumulator             bs=  32 mean=1.332e-15 std=1.514e-08 PASS
episode_cluster_seed_6   D3_float64_accumulator             bs= 128 mean=5.551e-16 std=1.514e-08 PASS
episode_cluster_seed_6   D4_stable_variance_float32         bs=   1 mean=1.583e-05 std=1.617e-06 FAIL
episode_cluster_seed_6   D4_stable_variance_float32         bs=   8 mean=1.526e-06 std=1.104e-06 PASS
episode_cluster_seed_6   D4_stable_variance_float32         bs=  32 mean=6.918e-07 std=1.884e-07 PASS
episode_cluster_seed_6   D4_stable_variance_float32         bs= 128 mean=5.036e-07 std=1.022e-07 PASS
episode_cluster_seed_6   D5_float64_accum_stable_variance   bs=   1 mean=8.438e-15 std=1.749e-14 PASS
episode_cluster_seed_6   D5_float64_accum_stable_variance   bs=   8 mean=2.776e-15 std=1.676e-14 PASS
episode_cluster_seed_6   D5_float64_accum_stable_variance   bs=  32 mean=1.332e-15 std=1.754e-14 PASS
episode_cluster_seed_6   D5_float64_accum_stable_variance   bs= 128 mean=5.551e-16 std=1.715e-14 PASS
episode_cluster_seed_7   D1_native_pinned_float32           bs=   1 mean=1.216e-05 std=1.753e-04 FAIL
episode_cluster_seed_7   D1_native_pinned_float32           bs=   8 mean=1.046e-06 std=3.061e-06 PASS
episode_cluster_seed_7   D1_native_pinned_float32           bs=  32 mean=1.068e-06 std=1.342e-05 FAIL
episode_cluster_seed_7   D1_native_pinned_float32           bs= 128 mean=6.228e-07 std=5.731e-06 PASS
episode_cluster_seed_7   D2_pinned_float64_input            bs=   1 mean=1.066e-14 std=1.123e-13 PASS
episode_cluster_seed_7   D2_pinned_float64_input            bs=   8 mean=3.220e-15 std=4.338e-14 PASS
episode_cluster_seed_7   D2_pinned_float64_input            bs=  32 mean=1.776e-15 std=1.819e-14 PASS
episode_cluster_seed_7   D2_pinned_float64_input            bs= 128 mean=6.661e-16 std=1.887e-14 PASS
episode_cluster_seed_7   D3_float64_accumulator             bs=   1 mean=1.066e-14 std=1.514e-08 PASS
episode_cluster_seed_7   D3_float64_accumulator             bs=   8 mean=3.220e-15 std=1.514e-08 PASS
episode_cluster_seed_7   D3_float64_accumulator             bs=  32 mean=1.776e-15 std=1.514e-08 PASS
episode_cluster_seed_7   D3_float64_accumulator             bs= 128 mean=6.661e-16 std=1.514e-08 PASS
episode_cluster_seed_7   D4_stable_variance_float32         bs=   1 mean=1.216e-05 std=3.407e-06 FAIL
episode_cluster_seed_7   D4_stable_variance_float32         bs=   8 mean=1.046e-06 std=8.653e-07 PASS
episode_cluster_seed_7   D4_stable_variance_float32         bs=  32 mean=1.068e-06 std=2.465e-07 PASS
episode_cluster_seed_7   D4_stable_variance_float32         bs= 128 mean=6.228e-07 std=1.030e-07 PASS
episode_cluster_seed_7   D5_float64_accum_stable_variance   bs=   1 mean=1.066e-14 std=1.682e-14 PASS
episode_cluster_seed_7   D5_float64_accum_stable_variance   bs=   8 mean=3.220e-15 std=1.760e-14 PASS
episode_cluster_seed_7   D5_float64_accum_stable_variance   bs=  32 mean=1.776e-15 std=1.682e-14 PASS
episode_cluster_seed_7   D5_float64_accum_stable_variance   bs= 128 mean=6.661e-16 std=1.726e-14 PASS
episode_cluster_seed_8   D1_native_pinned_float32           bs=   1 mean=1.192e-05 std=1.020e-04 FAIL
episode_cluster_seed_8   D1_native_pinned_float32           bs=   8 mean=2.260e-06 std=2.157e-05 FAIL
episode_cluster_seed_8   D1_native_pinned_float32           bs=  32 mean=8.129e-07 std=3.253e-06 PASS
episode_cluster_seed_8   D1_native_pinned_float32           bs= 128 mean=7.420e-07 std=7.929e-06 PASS
episode_cluster_seed_8   D2_pinned_float64_input            bs=   1 mean=6.328e-15 std=3.539e-14 PASS
episode_cluster_seed_8   D2_pinned_float64_input            bs=   8 mean=2.220e-15 std=2.333e-14 PASS
episode_cluster_seed_8   D2_pinned_float64_input            bs=  32 mean=1.554e-15 std=1.638e-14 PASS
episode_cluster_seed_8   D2_pinned_float64_input            bs= 128 mean=4.441e-16 std=1.871e-14 PASS
episode_cluster_seed_8   D3_float64_accumulator             bs=   1 mean=6.328e-15 std=1.514e-08 PASS
episode_cluster_seed_8   D3_float64_accumulator             bs=   8 mean=2.220e-15 std=1.514e-08 PASS
episode_cluster_seed_8   D3_float64_accumulator             bs=  32 mean=1.554e-15 std=1.514e-08 PASS
episode_cluster_seed_8   D3_float64_accumulator             bs= 128 mean=4.441e-16 std=1.514e-08 PASS
episode_cluster_seed_8   D4_stable_variance_float32         bs=   1 mean=1.192e-05 std=2.658e-06 FAIL
episode_cluster_seed_8   D4_stable_variance_float32         bs=   8 mean=2.260e-06 std=8.698e-07 PASS
episode_cluster_seed_8   D4_stable_variance_float32         bs=  32 mean=8.129e-07 std=2.851e-07 PASS
episode_cluster_seed_8   D4_stable_variance_float32         bs= 128 mean=7.420e-07 std=9.340e-08 PASS
episode_cluster_seed_8   D5_float64_accum_stable_variance   bs=   1 mean=6.328e-15 std=1.749e-14 PASS
episode_cluster_seed_8   D5_float64_accum_stable_variance   bs=   8 mean=2.220e-15 std=1.737e-14 PASS
episode_cluster_seed_8   D5_float64_accum_stable_variance   bs=  32 mean=1.554e-15 std=1.699e-14 PASS
episode_cluster_seed_8   D5_float64_accum_stable_variance   bs= 128 mean=4.441e-16 std=1.726e-14 PASS
episode_cluster_seed_9   D1_native_pinned_float32           bs=   1 mean=2.101e-05 std=1.798e-04 FAIL
episode_cluster_seed_9   D1_native_pinned_float32           bs=   8 mean=1.044e-06 std=1.021e-05 FAIL
episode_cluster_seed_9   D1_native_pinned_float32           bs=  32 mean=7.198e-07 std=6.275e-06 PASS
episode_cluster_seed_9   D1_native_pinned_float32           bs= 128 mean=6.228e-07 std=5.731e-06 PASS
episode_cluster_seed_9   D2_pinned_float64_input            bs=   1 mean=5.995e-15 std=1.063e-13 PASS
episode_cluster_seed_9   D2_pinned_float64_input            bs=   8 mean=3.109e-15 std=3.844e-14 PASS
episode_cluster_seed_9   D2_pinned_float64_input            bs=  32 mean=2.665e-15 std=3.314e-14 PASS
episode_cluster_seed_9   D2_pinned_float64_input            bs= 128 mean=3.331e-16 std=1.765e-14 PASS
episode_cluster_seed_9   D3_float64_accumulator             bs=   1 mean=5.995e-15 std=1.514e-08 PASS
episode_cluster_seed_9   D3_float64_accumulator             bs=   8 mean=3.109e-15 std=1.514e-08 PASS
episode_cluster_seed_9   D3_float64_accumulator             bs=  32 mean=2.665e-15 std=1.514e-08 PASS
episode_cluster_seed_9   D3_float64_accumulator             bs= 128 mean=3.331e-16 std=1.514e-08 PASS
episode_cluster_seed_9   D4_stable_variance_float32         bs=   1 mean=2.101e-05 std=4.003e-06 FAIL
episode_cluster_seed_9   D4_stable_variance_float32         bs=   8 mean=1.044e-06 std=9.360e-07 PASS
episode_cluster_seed_9   D4_stable_variance_float32         bs=  32 mean=7.198e-07 std=2.465e-07 PASS
episode_cluster_seed_9   D4_stable_variance_float32         bs= 128 mean=6.228e-07 std=8.136e-08 PASS
episode_cluster_seed_9   D5_float64_accum_stable_variance   bs=   1 mean=5.995e-15 std=1.688e-14 PASS
episode_cluster_seed_9   D5_float64_accum_stable_variance   bs=   8 mean=3.109e-15 std=1.699e-14 PASS
episode_cluster_seed_9   D5_float64_accum_stable_variance   bs=  32 mean=2.665e-15 std=1.699e-14 PASS
episode_cluster_seed_9   D5_float64_accum_stable_variance   bs= 128 mean=3.331e-16 std=1.721e-14 PASS

oracle crosscheck: {"state": {"max_abs_mean_difference": 0.0, "max_abs_std_difference": 0.0, "frozen_count": 36900}, "actions": {"max_abs_mean_difference": 0.0, "max_abs_std_difference": 0.0, "frozen_count": 36900}}
arm rollup: {
  "D1_native_pinned_float32": {
    "conditions": 44,
    "within_1e_5": 20,
    "above_1e_5": 24,
    "max_absolute_mean_error": 2.8040971213227905e-05,
    "max_absolute_std_error": 0.00032345332924951786
  },
  "D2_pinned_float64_input": {
    "conditions": 44,
    "within_1e_5": 44,
    "above_1e_5": 0,
    "max_absolute_mean_error": 1.2212453270876722e-14,
    "max_absolute_std_error": 1.4906131884373508e-13
  },
  "D3_float64_accumulator": {
    "conditions": 44,
    "within_1e_5": 44,
    "above_1e_5": 0,
    "max_absolute_mean_error": 1.2212453270876722e-14,
    "max_absolute_std_error": 1.514470776564636e-08
  },
  "D4_stable_variance_float32": {
    "conditions": 44,
    "within_1e_5": 35,
    "above_1e_5": 9,
    "max_absolute_mean_error": 2.8040971213227905e-05,
    "max_absolute_std_error": 4.688590206719523e-06
  },
  "D5_float64_accum_stable_variance": {
    "conditions": 44,
    "within_1e_5": 44,
    "above_1e_5": 0,
    "max_absolute_mean_error": 1.2212453270876722e-14,
    "max_absolute_std_error": 1.8207657603852567e-14
  }
}
D1 exact agreement with frozen RD8: 44/44 conditions
wrote experiments/rd8_diagnostic_20260914/rd8_precision_diagnostic_all_orders.json
