VERIFIED failure/episodes/file-000.parquet 45243e378c44b8fad4a6d52e1bf7e5dec4f645390ab66fd6593fc2e44cd2be73
VERIFIED failure/info.json a2ed78c6fcbaa5a05f474474d78598906087b4fa4fc4f45730a05ccff4986b01
VERIFIED failure/stats.json 9a089db94a4e00594367300ff9391dca0643396d4e925f310bafcc311acb274c
VERIFIED failure/tasks.parquet e42ab024bd0e41d7e90358618e77bc8df799d9b5453f0b2d45146e6c77eb08e7
VERIFIED success/episodes/file-000.parquet 34c4593b97aa4696580ef974b77c711395cec22ed22ae99ef70b2bf4101b9917
VERIFIED success/episodes/file-001.parquet ee66a83456b1b92667955b893bfec38204459c82577563cd34080ced888d234b
VERIFIED success/episodes/file-002.parquet 38a9226fb6fc8c2d2b6aaa7e4238bc8cc6321131fd2f06b951bec0f232f3e042
VERIFIED success/episodes/file-003.parquet b5215e4461bc6a3b7e6586f0c2773d8fb55eb3aa85004f35affcc565d792b508
VERIFIED success/episodes/file-004.parquet c60734b53bef8c913665802ff18a11f1c4fe64b09ee4e8418eaaa148d9db9a7d
VERIFIED success/info.json bde3ee8b4c6a437ad530630bb8a6954ba9eafb80e3fdfc0e983252aeaff2d30a
VERIFIED success/stats.json ebc095389765fc7ce1f25b64a37d2ead03e56aca8645a1977668e1ff4c58724b
VERIFIED success/tasks.parquet 497e5b675bc75460fae7fc6e81d6689a7a1ce85b6cdd136e14616f4b72cf7f44
WARNING: Logging before InitGoogleLogging() is written to STDERR
W20260919 14:26:57.036562 1886531584 cpu_info.cc:239] IOError: sysctlbyname failed for 'hw.l1dcachesize'. Detail: [errno 1] Operation not permitted
W20260919 14:26:57.037642 1886531584 cpu_info.cc:239] IOError: sysctlbyname failed for 'hw.l2cachesize'. Detail: [errno 1] Operation not permitted
W20260919 14:26:57.037899 1886531584 cpu_info.cc:239] IOError: sysctlbyname failed for 'hw.l3cachesize'. Detail: [errno 1] Operation not permitted
W20260919 14:26:57.038005 1886531584 cpu_info.cc:239] IOError: sysctlbyname failed for 'hw.optional.neon'. Detail: [errno 1] Operation not permitted
SPLIT success {"all_seven_local_summary_fields_match_rows": 57639, "coherent_prefixes": ["AUTOLab"], "counts": {"both_bad": 50623, "identity_bad": 50623, "identity_only": 0, "neither_bad": 7016, "task_bad": 50623, "task_only": 0}, "episode_rows": 57639, "global_and_per_group_counts_match_frozen_audit": true, "global_summary_field_violations": {"stats/episode_index/max": 50623, "stats/episode_index/mean": 50623, "stats/episode_index/min": 50623, "stats/episode_index/std": 0, "stats/index/max": 50623, "stats/index/mean": 50623, "stats/index/min": 50623}, "identity_coherent_iff_numbering_coincides": true, "local_global_numbering_coincides_rows": 7016, "local_summary_field_violations": {"stats/episode_index/max": 0, "stats/episode_index/mean": 0, "stats/episode_index/min": 0, "stats/episode_index/std": 0, "stats/index/max": 0, "stats/index/mean": 0, "stats/index/min": 0}, "missing_prefix_rows": 0, "source_prefix_count": 13, "source_prefixes": ["AUTOLab", "CLVR", "GuptaLab", "ILIAD", "IPRL", "IRIS", "PennPAL", "RAD", "RAIL", "REAL", "RPL", "TRI", "WEIRD"]}
SPLIT failure {"all_seven_local_summary_fields_match_rows": 14268, "coherent_prefixes": ["AUTOLab"], "counts": {"both_bad": 230, "identity_bad": 10879, "identity_only": 10649, "neither_bad": 3389, "task_bad": 230, "task_only": 0}, "episode_rows": 14268, "global_and_per_group_counts_match_frozen_audit": true, "global_summary_field_violations": {"stats/episode_index/max": 10879, "stats/episode_index/mean": 10879, "stats/episode_index/min": 10879, "stats/episode_index/std": 0, "stats/index/max": 10879, "stats/index/mean": 10879, "stats/index/min": 10879}, "identity_coherent_iff_numbering_coincides": true, "local_global_numbering_coincides_rows": 3389, "local_summary_field_violations": {"stats/episode_index/max": 0, "stats/episode_index/mean": 0, "stats/episode_index/min": 0, "stats/episode_index/std": 0, "stats/index/max": 0, "stats/index/mean": 0, "stats/index/min": 0}, "missing_prefix_rows": 0, "source_prefix_count": 13, "source_prefixes": ["AUTOLab", "CLVR", "GuptaLab", "ILIAD", "IPRL", "IRIS", "PennPAL", "RAD", "RAIL", "REAL", "RPL", "TRI", "WEIRD"]}
COMPLETE {"coherent_prefixes": ["AUTOLab"], "episode_rows": 71907, "identity_coherent": 10405, "identity_coherent_iff_numbering_coincides": true, "identity_discrepant": 61502, "local_global_coincident_rows": 10405, "local_summary_matches": 71907, "source_prefix_count": 13}
