Collecting numpy==1.26.4 (from -r <CANDIDATE_2>/requirements.txt (line 1))
  Using cached numpy-1.26.4-cp312-cp312-macosx_11_0_arm64.whl.metadata (61 kB)
Collecting pandas==2.1.4 (from -r <CANDIDATE_2>/requirements.txt (line 2))
  Using cached pandas-2.1.4-cp312-cp312-macosx_11_0_arm64.whl.metadata (18 kB)
Collecting pyarrow==14.0.2 (from -r <CANDIDATE_2>/requirements.txt (line 3))
  Using cached pyarrow-14.0.2-cp312-cp312-macosx_11_0_arm64.whl.metadata (3.0 kB)
Collecting h5py==3.11.0 (from -r <CANDIDATE_2>/requirements.txt (line 4))
  Using cached h5py-3.11.0-cp312-cp312-macosx_11_0_arm64.whl.metadata (2.5 kB)
Collecting av==15.1.0 (from -r <CANDIDATE_2>/requirements.txt (line 5))
  Using cached av-15.1.0-cp312-cp312-macosx_13_0_arm64.whl.metadata (4.6 kB)
Collecting great_expectations==1.6.3 (from -r <CANDIDATE_2>/requirements.txt (line 6))
  Using cached great_expectations-1.6.3-py3-none-any.whl.metadata (9.3 kB)
Collecting huggingface_hub==0.34.4 (from -r <CANDIDATE_2>/requirements.txt (line 7))
  Downloading huggingface_hub-0.34.4-py3-none-any.whl.metadata (14 kB)
Collecting fsspec==2025.7.0 (from -r <CANDIDATE_2>/requirements.txt (line 8))
  Downloading fsspec-2025.7.0-py3-none-any.whl.metadata (12 kB)
Collecting certifi==2026.7.22 (from -r <CANDIDATE_2>/requirements.txt (line 9))
  Using cached certifi-2026.7.22-py3-none-any.whl.metadata (2.5 kB)
Collecting python-dateutil>=2.8.2 (from pandas==2.1.4->-r <CANDIDATE_2>/requirements.txt (line 2))
  Using cached python_dateutil-2.9.0.post0-py2.py3-none-any.whl.metadata (8.4 kB)
Collecting pytz>=2020.1 (from pandas==2.1.4->-r <CANDIDATE_2>/requirements.txt (line 2))
  Using cached pytz-2026.3.post1-py2.py3-none-any.whl.metadata (22 kB)
Collecting tzdata>=2022.1 (from pandas==2.1.4->-r <CANDIDATE_2>/requirements.txt (line 2))
  Using cached tzdata-2026.4-py2.py3-none-any.whl.metadata (1.4 kB)
Collecting altair<5.0.0,>=4.2.1 (from great_expectations==1.6.3->-r <CANDIDATE_2>/requirements.txt (line 6))
  Using cached altair-4.2.2-py3-none-any.whl.metadata (13 kB)
Collecting cryptography>=3.2 (from great_expectations==1.6.3->-r <CANDIDATE_2>/requirements.txt (line 6))
  Using cached cryptography-50.0.1-cp311-abi3-macosx_11_0_arm64.whl.metadata (4.3 kB)
Collecting jinja2>=3 (from great_expectations==1.6.3->-r <CANDIDATE_2>/requirements.txt (line 6))
  Using cached jinja2-3.1.6-py3-none-any.whl.metadata (2.9 kB)
Collecting jsonschema>=2.5.1 (from great_expectations==1.6.3->-r <CANDIDATE_2>/requirements.txt (line 6))
  Using cached jsonschema-4.26.0-py3-none-any.whl.metadata (7.6 kB)
Collecting marshmallow<4.0.0,>=3.7.1 (from great_expectations==1.6.3->-r <CANDIDATE_2>/requirements.txt (line 6))
  Using cached marshmallow-3.26.2-py3-none-any.whl.metadata (7.3 kB)
Collecting mistune>=0.8.4 (from great_expectations==1.6.3->-r <CANDIDATE_2>/requirements.txt (line 6))
  Using cached mistune-3.3.4-py3-none-any.whl.metadata (1.9 kB)
Collecting packaging (from great_expectations==1.6.3->-r <CANDIDATE_2>/requirements.txt (line 6))
  Using cached packaging-26.3-py3-none-any.whl.metadata (3.5 kB)
Collecting posthog>3 (from great_expectations==1.6.3->-r <CANDIDATE_2>/requirements.txt (line 6))
  Downloading posthog-7.54.0-py3-none-any.whl.metadata (5.6 kB)
Collecting pydantic>=1.10.7 (from great_expectations==1.6.3->-r <CANDIDATE_2>/requirements.txt (line 6))
  Using cached pydantic-2.13.5-py3-none-any.whl.metadata (110 kB)
Collecting pyparsing!=3.2.4,>=2.4 (from great_expectations==1.6.3->-r <CANDIDATE_2>/requirements.txt (line 6))
  Using cached pyparsing-3.3.2-py3-none-any.whl.metadata (5.8 kB)
Collecting requests>=2.20 (from great_expectations==1.6.3->-r <CANDIDATE_2>/requirements.txt (line 6))
  Using cached requests-2.34.2-py3-none-any.whl.metadata (4.8 kB)
Collecting ruamel.yaml>=0.16 (from great_expectations==1.6.3->-r <CANDIDATE_2>/requirements.txt (line 6))
  Using cached ruamel_yaml-0.19.1-py3-none-any.whl.metadata (16 kB)
Collecting scipy>=1.6.0 (from great_expectations==1.6.3->-r <CANDIDATE_2>/requirements.txt (line 6))
  Using cached scipy-1.18.1-cp312-cp312-macosx_14_0_arm64.whl.metadata (62 kB)
Collecting tqdm>=4.59.0 (from great_expectations==1.6.3->-r <CANDIDATE_2>/requirements.txt (line 6))
  Using cached tqdm-4.70.1-py3-none-any.whl.metadata (57 kB)
Collecting typing-extensions>=4.1.0 (from great_expectations==1.6.3->-r <CANDIDATE_2>/requirements.txt (line 6))
  Using cached typing_extensions-4.16.0-py3-none-any.whl.metadata (3.3 kB)
Collecting tzlocal>=1.2 (from great_expectations==1.6.3->-r <CANDIDATE_2>/requirements.txt (line 6))
  Using cached tzlocal-5.4.4-py3-none-any.whl.metadata (7.7 kB)
Collecting filelock (from huggingface_hub==0.34.4->-r <CANDIDATE_2>/requirements.txt (line 7))
  Downloading filelock-3.32.7-py3-none-any.whl.metadata (2.0 kB)
Collecting pyyaml>=5.1 (from huggingface_hub==0.34.4->-r <CANDIDATE_2>/requirements.txt (line 7))
  Using cached pyyaml-6.0.3-cp312-cp312-macosx_11_0_arm64.whl.metadata (2.4 kB)
Collecting hf-xet<2.0.0,>=1.1.3 (from huggingface_hub==0.34.4->-r <CANDIDATE_2>/requirements.txt (line 7))
  Using cached hf_xet-1.6.0-cp38-abi3-macosx_11_0_arm64.whl.metadata (4.9 kB)
Collecting entrypoints (from altair<5.0.0,>=4.2.1->great_expectations==1.6.3->-r <CANDIDATE_2>/requirements.txt (line 6))
  Using cached entrypoints-0.4-py3-none-any.whl.metadata (2.6 kB)
Collecting toolz (from altair<5.0.0,>=4.2.1->great_expectations==1.6.3->-r <CANDIDATE_2>/requirements.txt (line 6))
  Using cached toolz-1.1.0-py3-none-any.whl.metadata (5.1 kB)
Collecting cffi>=2.0.0 (from cryptography>=3.2->great_expectations==1.6.3->-r <CANDIDATE_2>/requirements.txt (line 6))
  Using cached cffi-2.1.1-cp312-cp312-macosx_11_0_arm64.whl.metadata (2.5 kB)
Collecting MarkupSafe>=2.0 (from jinja2>=3->great_expectations==1.6.3->-r <CANDIDATE_2>/requirements.txt (line 6))
  Using cached markupsafe-3.0.3-cp312-cp312-macosx_11_0_arm64.whl.metadata (2.7 kB)
Collecting attrs>=22.2.0 (from jsonschema>=2.5.1->great_expectations==1.6.3->-r <CANDIDATE_2>/requirements.txt (line 6))
  Using cached attrs-26.1.0-py3-none-any.whl.metadata (8.8 kB)
Collecting jsonschema-specifications>=2023.03.6 (from jsonschema>=2.5.1->great_expectations==1.6.3->-r <CANDIDATE_2>/requirements.txt (line 6))
  Using cached jsonschema_specifications-2025.9.1-py3-none-any.whl.metadata (2.9 kB)
Collecting referencing>=0.28.4 (from jsonschema>=2.5.1->great_expectations==1.6.3->-r <CANDIDATE_2>/requirements.txt (line 6))
  Using cached referencing-0.37.0-py3-none-any.whl.metadata (2.8 kB)
Collecting rpds-py>=0.25.0 (from jsonschema>=2.5.1->great_expectations==1.6.3->-r <CANDIDATE_2>/requirements.txt (line 6))
  Using cached rpds_py-2026.6.3-cp312-cp312-macosx_11_0_arm64.whl.metadata (4.1 kB)
Collecting backoff>=1.10.0 (from posthog>3->great_expectations==1.6.3->-r <CANDIDATE_2>/requirements.txt (line 6))
  Using cached backoff-2.2.1-py3-none-any.whl.metadata (14 kB)
Collecting distro>=1.5.0 (from posthog>3->great_expectations==1.6.3->-r <CANDIDATE_2>/requirements.txt (line 6))
  Using cached distro-1.9.0-py3-none-any.whl.metadata (6.8 kB)
Collecting annotated-types>=0.6.0 (from pydantic>=1.10.7->great_expectations==1.6.3->-r <CANDIDATE_2>/requirements.txt (line 6))
  Using cached annotated_types-0.8.0-py3-none-any.whl.metadata (15 kB)
Collecting pydantic-core==2.46.5 (from pydantic>=1.10.7->great_expectations==1.6.3->-r <CANDIDATE_2>/requirements.txt (line 6))
  Using cached pydantic_core-2.46.5-cp312-cp312-macosx_11_0_arm64.whl.metadata (6.6 kB)
Collecting typing-inspection>=0.4.2 (from pydantic>=1.10.7->great_expectations==1.6.3->-r <CANDIDATE_2>/requirements.txt (line 6))
  Using cached typing_inspection-0.4.4-py3-none-any.whl.metadata (2.6 kB)
Collecting six>=1.5 (from python-dateutil>=2.8.2->pandas==2.1.4->-r <CANDIDATE_2>/requirements.txt (line 2))
  Using cached six-1.17.0-py2.py3-none-any.whl.metadata (1.7 kB)
Collecting charset_normalizer<4,>=2 (from requests>=2.20->great_expectations==1.6.3->-r <CANDIDATE_2>/requirements.txt (line 6))
  Using cached charset_normalizer-3.5.1-cp312-cp312-macosx_10_13_universal2.whl.metadata (45 kB)
Collecting idna<4,>=2.5 (from requests>=2.20->great_expectations==1.6.3->-r <CANDIDATE_2>/requirements.txt (line 6))
  Using cached idna-3.19-py3-none-any.whl.metadata (9.2 kB)
Collecting urllib3<3,>=1.26 (from requests>=2.20->great_expectations==1.6.3->-r <CANDIDATE_2>/requirements.txt (line 6))
  Downloading urllib3-2.8.0-py3-none-any.whl.metadata (7.4 kB)
INFO: pip is looking at multiple versions of scipy to determine which version is compatible with other requirements. This could take a while.
Collecting scipy>=1.6.0 (from great_expectations==1.6.3->-r <CANDIDATE_2>/requirements.txt (line 6))
  Using cached scipy-1.18.0-cp312-cp312-macosx_14_0_arm64.whl.metadata (62 kB)
  Using cached scipy-1.17.1-cp312-cp312-macosx_14_0_arm64.whl.metadata (62 kB)
Collecting pycparser (from cffi>=2.0.0->cryptography>=3.2->great_expectations==1.6.3->-r <CANDIDATE_2>/requirements.txt (line 6))
  Using cached pycparser-3.0-py3-none-any.whl.metadata (8.2 kB)
Using cached numpy-1.26.4-cp312-cp312-macosx_11_0_arm64.whl (13.7 MB)
Using cached pandas-2.1.4-cp312-cp312-macosx_11_0_arm64.whl (10.6 MB)
Using cached pyarrow-14.0.2-cp312-cp312-macosx_11_0_arm64.whl (24.0 MB)
Using cached h5py-3.11.0-cp312-cp312-macosx_11_0_arm64.whl (2.9 MB)
Using cached av-15.1.0-cp312-cp312-macosx_13_0_arm64.whl (21.8 MB)
Using cached great_expectations-1.6.3-py3-none-any.whl (4.9 MB)
Downloading huggingface_hub-0.34.4-py3-none-any.whl (561 kB)
   ━━━━━━━━━━━━━━━━━━━━━━━━━━━━━━━━━━━━━━━━ 561.5/561.5 kB 5.6 MB/s eta 0:00:00
Downloading fsspec-2025.7.0-py3-none-any.whl (199 kB)
   ━━━━━━━━━━━━━━━━━━━━━━━━━━━━━━━━━━━━━━━━ 199.6/199.6 kB 11.1 MB/s eta 0:00:00
Using cached certifi-2026.7.22-py3-none-any.whl (136 kB)
Using cached altair-4.2.2-py3-none-any.whl (813 kB)
Using cached cryptography-50.0.1-cp311-abi3-macosx_11_0_arm64.whl (4.0 MB)
Using cached hf_xet-1.6.0-cp38-abi3-macosx_11_0_arm64.whl (3.9 MB)
Using cached jinja2-3.1.6-py3-none-any.whl (134 kB)
Using cached jsonschema-4.26.0-py3-none-any.whl (90 kB)
Using cached marshmallow-3.26.2-py3-none-any.whl (50 kB)
Using cached mistune-3.3.4-py3-none-any.whl (66 kB)
Using cached packaging-26.3-py3-none-any.whl (129 kB)
Downloading posthog-7.54.0-py3-none-any.whl (665 kB)
   ━━━━━━━━━━━━━━━━━━━━━━━━━━━━━━━━━━━━━━━━ 665.7/665.7 kB 13.3 MB/s eta 0:00:00
Using cached pydantic-2.13.5-py3-none-any.whl (472 kB)
Using cached pydantic_core-2.46.5-cp312-cp312-macosx_11_0_arm64.whl (1.9 MB)
Using cached pyparsing-3.3.2-py3-none-any.whl (122 kB)
Using cached python_dateutil-2.9.0.post0-py2.py3-none-any.whl (229 kB)
Using cached pytz-2026.3.post1-py2.py3-none-any.whl (508 kB)
Using cached pyyaml-6.0.3-cp312-cp312-macosx_11_0_arm64.whl (173 kB)
Using cached requests-2.34.2-py3-none-any.whl (73 kB)
Using cached ruamel_yaml-0.19.1-py3-none-any.whl (118 kB)
Using cached scipy-1.17.1-cp312-cp312-macosx_14_0_arm64.whl (20.3 MB)
Using cached tqdm-4.70.1-py3-none-any.whl (80 kB)
Using cached typing_extensions-4.16.0-py3-none-any.whl (45 kB)
Using cached tzdata-2026.4-py2.py3-none-any.whl (347 kB)
Using cached tzlocal-5.4.4-py3-none-any.whl (18 kB)
Downloading filelock-3.32.7-py3-none-any.whl (100 kB)
   ━━━━━━━━━━━━━━━━━━━━━━━━━━━━━━━━━━━━━━━━ 100.2/100.2 kB 8.2 MB/s eta 0:00:00
Using cached annotated_types-0.8.0-py3-none-any.whl (13 kB)
Using cached attrs-26.1.0-py3-none-any.whl (67 kB)
Using cached backoff-2.2.1-py3-none-any.whl (15 kB)
Using cached cffi-2.1.1-cp312-cp312-macosx_11_0_arm64.whl (184 kB)
Using cached charset_normalizer-3.5.1-cp312-cp312-macosx_10_13_universal2.whl (344 kB)
Using cached distro-1.9.0-py3-none-any.whl (20 kB)
Using cached idna-3.19-py3-none-any.whl (68 kB)
Using cached jsonschema_specifications-2025.9.1-py3-none-any.whl (18 kB)
Using cached markupsafe-3.0.3-cp312-cp312-macosx_11_0_arm64.whl (12 kB)
Using cached referencing-0.37.0-py3-none-any.whl (26 kB)
Using cached rpds_py-2026.6.3-cp312-cp312-macosx_11_0_arm64.whl (338 kB)
Using cached six-1.17.0-py2.py3-none-any.whl (11 kB)
Using cached typing_inspection-0.4.4-py3-none-any.whl (14 kB)
Downloading urllib3-2.8.0-py3-none-any.whl (135 kB)
   ━━━━━━━━━━━━━━━━━━━━━━━━━━━━━━━━━━━━━━━━ 135.7/135.7 kB 8.6 MB/s eta 0:00:00
Using cached entrypoints-0.4-py3-none-any.whl (5.3 kB)
Using cached toolz-1.1.0-py3-none-any.whl (58 kB)
Using cached pycparser-3.0-py3-none-any.whl (48 kB)
Installing collected packages: pytz, urllib3, tzlocal, tzdata, typing-extensions, tqdm, toolz, six, ruamel.yaml, rpds-py, pyyaml, pyparsing, pycparser, packaging, numpy, mistune, MarkupSafe, idna, hf-xet, fsspec, filelock, entrypoints, distro, charset_normalizer, certifi, backoff, av, attrs, annotated-types, typing-inspection, scipy, requests, referencing, python-dateutil, pydantic-core, pyarrow, marshmallow, jinja2, h5py, cffi, pydantic, posthog, pandas, jsonschema-specifications, huggingface_hub, cryptography, jsonschema, altair, great_expectations
Successfully installed MarkupSafe-3.0.3 altair-4.2.2 annotated-types-0.8.0 attrs-26.1.0 av-15.1.0 backoff-2.2.1 certifi-2026.7.22 cffi-2.1.1 charset_normalizer-3.5.1 cryptography-50.0.1 distro-1.9.0 entrypoints-0.4 filelock-3.32.7 fsspec-2025.7.0 great_expectations-1.6.3 h5py-3.11.0 hf-xet-1.6.0 huggingface_hub-0.34.4 idna-3.19 jinja2-3.1.6 jsonschema-4.26.0 jsonschema-specifications-2025.9.1 marshmallow-3.26.2 mistune-3.3.4 numpy-1.26.4 packaging-26.3 pandas-2.1.4 posthog-7.54.0 pyarrow-14.0.2 pycparser-3.0 pydantic-2.13.5 pydantic-core-2.46.5 pyparsing-3.3.2 python-dateutil-2.9.0.post0 pytz-2026.3.post1 pyyaml-6.0.3 referencing-0.37.0 requests-2.34.2 rpds-py-2026.6.3 ruamel.yaml-0.19.1 scipy-1.17.1 six-1.17.0 toolz-1.1.0 tqdm-4.70.1 typing-extensions-4.16.0 typing-inspection-0.4.4 tzdata-2026.4 tzlocal-5.4.4 urllib3-2.8.0

[notice] A new release of pip is available: 24.0 -> 26.2.1
[notice] To update, run: <ENVIRONMENT>/bin/python -m pip install --upgrade pip
